#-----------------------------------------------------------
# Vivado v2021.2 (64-bit)
# SW Build 3367213 on Tue Oct 19 02:48:09 MDT 2021
# IP Build 3369179 on Thu Oct 21 08:25:16 MDT 2021
# Start of session at: Wed May 18 13:07:51 2022
# Process ID: 15404
# Current directory: C:/Users/chris/OneDrive/Documents/_University/4_Fourth Year 2022/Semester 1/EEE4120F/Practicals/Prac3/Prac3.2/Prac3_2_Code/YODA_MinMax/YODA_MinMax.runs/impl_1
# Command line: vivado.exe -log Mean.vdi -applog -product Vivado -messageDb vivado.pb -mode batch -source Mean.tcl -notrace
# Log file: C:/Users/chris/OneDrive/Documents/_University/4_Fourth Year 2022/Semester 1/EEE4120F/Practicals/Prac3/Prac3.2/Prac3_2_Code/YODA_MinMax/YODA_MinMax.runs/impl_1/Mean.vdi
# Journal file: C:/Users/chris/OneDrive/Documents/_University/4_Fourth Year 2022/Semester 1/EEE4120F/Practicals/Prac3/Prac3.2/Prac3_2_Code/YODA_MinMax/YODA_MinMax.runs/impl_1\vivado.jou
# Running On: CBSima, OS: Windows, CPU Frequency: 3194 MHz, CPU Physical cores: 16, Host memory: 68079 MB
#-----------------------------------------------------------
source Mean.tcl -notrace
